{
    "ribo_claninfo": {
        "content": [
            [
                "ribo.clan_info:md5,ed55b0130da268e5deca604fa34da618"
            ]
        ],
        "timestamp": "2023-12-12T16:44:40.410580931"
    },
    "ribo_cm": {
        "content": [
            [
                "ribo.cm:md5,fafc048b3c74460583726cc91959dec7"
            ]
        ],
        "timestamp": "2023-12-13T08:42:07.138270818"
    }
}