{
    "Run RHEA_AND_TAXONOMY_GENERATION module on test dataset": {
        "content": [
            {
                "0": [
                    [
                        {
                            "id": "uniref90_rhea_2024_05_2024-07-31"
                        },
                        "uniref90_rhea_2024_05_2024-07-31.dmnd:md5,d7c104b6576ae8a796066aef4937d339"
                    ]
                ],
                "1": [
                    [
                        {
                            "id": "2024_05"
                        },
                        [
                            "catpack.dmnd:md5,b72362dc62c390ea34714d48430dfd59",
                            "catpack.fastaid2LCAtaxid:md5,d41d8cd98f00b204e9800998ecf8427e",
                            "catpack.taxids_with_multiple_offspring:md5,d41d8cd98f00b204e9800998ecf8427e"
                        ]
                    ]
                ],
                "2": [
                    [
                        {
                            "id": "2024_05"
                        },
                        [
                            "names.dmp:md5,c471c27a4ce85ae74d2c63633c9ce1e3",
                            "nodes.dmp:md5,130f9132095562e09c732679c562f5e9"
                        ]
                    ]
                ],
                "3": [
                    "rhea_chebi_mapping_135.tsv:md5,52d55d130ac9e9329e6e32d88b335f58"
                ],
                "cat_diamond_db": [
                    [
                        {
                            "id": "2024_05"
                        },
                        [
                            "catpack.dmnd:md5,b72362dc62c390ea34714d48430dfd59",
                            "catpack.fastaid2LCAtaxid:md5,d41d8cd98f00b204e9800998ecf8427e",
                            "catpack.taxids_with_multiple_offspring:md5,d41d8cd98f00b204e9800998ecf8427e"
                        ]
                    ]
                ],
                "cat_taxonomy_db": [
                    [
                        {
                            "id": "2024_05"
                        },
                        [
                            "names.dmp:md5,c471c27a4ce85ae74d2c63633c9ce1e3",
                            "nodes.dmp:md5,130f9132095562e09c732679c562f5e9"
                        ]
                    ]
                ],
                "rhea_chebi_mapping": [
                    "rhea_chebi_mapping_135.tsv:md5,52d55d130ac9e9329e6e32d88b335f58"
                ],
                "rhea_db": [
                    [
                        {
                            "id": "uniref90_rhea_2024_05_2024-07-31"
                        },
                        "uniref90_rhea_2024_05_2024-07-31.dmnd:md5,d7c104b6576ae8a796066aef4937d339"
                    ]
                ]
            }
        ],
        "meta": {
            "nf-test": "0.9.0",
            "nextflow": "24.10.4"
        },
        "timestamp": "2025-02-25T15:55:32.143126"
    }
}