{
    "Remove viral proteins from protein fasta using TaxID field": {
        "content": [
            {
                "0": [
                    "uniref90.filtered.fasta:md5,e5ee4d75d12e9dd95fd7f7ffe9f32208"
                ],
                "1": [
                    "uniref90.protid2taxid:md5,c05d080f20acf5d54afdcd0c3c40463d"
                ],
                "2": [
                    "versions.yml:md5,9b068ffc6c693687058cf056b56baefe"
                ],
                "filtered_proteins": [
                    "uniref90.filtered.fasta:md5,e5ee4d75d12e9dd95fd7f7ffe9f32208"
                ],
                "protid2taxid": [
                    "uniref90.protid2taxid:md5,c05d080f20acf5d54afdcd0c3c40463d"
                ],
                "versions": [
                    "versions.yml:md5,9b068ffc6c693687058cf056b56baefe"
                ]
            }
        ],
        "meta": {
            "nf-test": "0.9.0",
            "nextflow": "24.10.0"
        },
        "timestamp": "2025-02-13T11:51:22.398479"
    }
}