{
    "Remove from protein fasta proteins without Rhea annotation": {
        "content": [
            {
                "0": [
                    "uniref90_with_rhea.fasta:md5,e0be31822a0d13f2a5dc1fb2afb59bd1"
                ],
                "1": [
                    "versions.yml:md5,7ccfd1ba7191faa2479162dd9296ce8c"
                ],
                "filtered_proteins": [
                    "uniref90_with_rhea.fasta:md5,e0be31822a0d13f2a5dc1fb2afb59bd1"
                ],
                "versions": [
                    "versions.yml:md5,7ccfd1ba7191faa2479162dd9296ce8c"
                ]
            }
        ],
        "meta": {
            "nf-test": "0.9.0",
            "nextflow": "24.10.0"
        },
        "timestamp": "2025-02-13T11:50:14.17324"
    }
}