{
    "uplift": {
        "content": [
            [
                "uplift:md5,c87ab8d48d39f05564184397e6b1c9bd"
            ]
        ],
        "timestamp": "2023-12-12T15:47:09.441036343"
    },
    "taxid": {
        "content": [
            [
                "itsonedb.taxid:md5,4006f0ad1041bfdbc7e4f7e6b9d907c4"
            ]
        ],
        "timestamp": "2023-12-12T15:47:09.480886689"
    }
}