{
    "unite_cleaned_fasta": {
        "content": [
            [
                "UNITE.fasta:md5,2bb8bca6798acca1607da404c9e0d1c1"
            ]
        ],
        "timestamp": "2024-01-05T09:14:45.886837816"
    },
    "itsonedb_cleaned_fasta": {
        "content": [
            [
                "ITSone.fasta:md5,3674a76b631981ae2cfc7ef456951db7"
            ]
        ],
        "timestamp": "2023-12-12T12:17:13.221527134"
    },
    "silva_cleaned_fasta": {
        "content": [
            [
                "SILVA-SSU.fasta:md5,68c60c9c9b78c0244f05e78fac9926a6"
            ]
        ],
        "timestamp": "2023-12-12T12:16:23.566759315"
    }
}