{
    "rhea_db": {
        "content": [
            [
                [
                    {
                        "id": "uniref90_rhea_2024_05_2024-07-31"
                    },
                    "uniref90_rhea_2024_05_2024-07-31.dmnd:md5,24d32b7dfd8efa693ddb182d34465070"
                ]
            ]
        ],
        "meta": {
            "nf-test": "0.9.0",
            "nextflow": "24.10.0"
        },
        "timestamp": "2024-12-19T15:56:15.881724"
    },
    "taxonomy_db": {
        "content": [
            [
                [
                    {
                        "id": "uniref90_taxa_2024_05"
                    },
                    "uniref90_taxa_2024_05.dmnd:md5,d0d7be70ac6d182ba5da21602b3aa566"
                ]
            ]
        ],
        "meta": {
            "nf-test": "0.9.0",
            "nextflow": "24.10.0"
        },
        "timestamp": "2024-11-14T13:35:37.731581"
    },
    "rhea_chebi_mapping": {
        "content": [
            [
                "rhea_chebi_mapping_135.tsv:md5,52d55d130ac9e9329e6e32d88b335f58"
            ]
        ],
        "meta": {
            "nf-test": "0.9.0",
            "nextflow": "24.10.0"
        },
        "timestamp": "2024-12-18T15:15:49.259818"
    }
}