{
    "ribo_claninfo": {
        "content": [
            [
                "ribo.clan_info:md5,ed55b0130da268e5deca604fa34da618"
            ]
        ],
        "timestamp": "2023-12-13T11:32:56.609019052"
    },
    "ribo_cm": {
        "content": [
            [
                "ribo.cm:md5,fd8a38177a9ebefd89029cab2038edb7"
            ]
        ],
        "timestamp": "2023-12-13T11:32:56.443459095"
    }
}