{
    "Remove from protein fasta proteins without Rhea annotation": {
        "content": [
            {
                "0": [
                    "uniref90_with_rhea.fasta:md5,d41d8cd98f00b204e9800998ecf8427e"
                ],
                "filtered_fasta": [
                    "uniref90_with_rhea.fasta:md5,d41d8cd98f00b204e9800998ecf8427e"
                ]
            }
        ],
        "meta": {
            "nf-test": "0.9.0",
            "nextflow": "24.04.4"
        },
        "timestamp": "2024-11-06T11:45:08.180244"
    }
}